// Jest Snapshot v1, https://goo.gl/fbAQLP

exports[`core/verse block edit matches snapshot 1`] = `
<div
  class="wp-block-verse editor-rich-text"
>
  <pre
    aria-autocomplete="list"
    aria-label="Write…"
    aria-multiline="true"
    class="editor-rich-text__tinymce"
    contenteditable="true"
    data-is-placeholder-visible="true"
    role="textbox"
  />
  <pre
    class="editor-rich-text__tinymce"
  >
    Write…
  </pre>
</div>
`;
